[MEMORY-ACCOUNTING] SNAPSHOT PASS
[MEMORY-ACCOUNTING] TASK_COUNT PASS
[MEMORY-ACCOUNTING] TASK_PRIVATE PASS
[MEMORY-ACCOUNTING] SHARED_UNIQUE PASS
[MEMORY-ACCOUNTING] RAMFS_DELTA PASS
[MEMORY-ACCOUNTING] RAMFS_RELEASE PASS
[MEMORY-ACCOUNTING] PAGE_TABLES PASS
[MEMORY-ACCOUNTING] WALLPAPER_DELTA PASS
[MEMORY-ACCOUNTING] BOOT_IMAGE_RESIDENCY PASS
[MEMORY-ACCOUNTING] CONSERVATION PASS
[MEMORY-ACCOUNTING] UNCLASSIFIED_BOUNDED PASS
[MEMORY-ACCOUNTING] RESOURCE_BASELINE PASS
[MEMORY-ACCOUNTING] IDLE_CPU PASS
[MEMORY-ACCOUNTING] UI_RENDER PASS
[MEMORY-ACCOUNTING] FINAL PASS
