[MM-0] unsafe fork rejection is atomic: OK
[MM-1] user address/range arithmetic: OK
[MM-1] page-aware copy, strings, permissions, atomic output, and swap policy: OK
[MM-0] NXE and NX mapping flags: OK
[MM-0] user-frame reuse sanitization: OK
[MM-0] anonymous mmap W^X, NX, and zero-fill: OK
[MM-0] SHM NX, zero-fill, and peer preservation: OK
[MM-0] framebuffer authority lifecycle: OK
[MM-0] native borrower lifecycle: 12 finished/reaped + 12 recreated/reaped: OK
[MM-0] thread address-space lifecycle: OK
[SEC]  Token forge attempt: REJECTED (CapError::NotFound)
[SEC]  word_count=9 attempt: REJECTED (IpcError::InvalidWordCount)
[SEC]  kernel ptr attempt: REJECTED (PtrError::KernelAddress)
[SEC]  badge forge attempt: REJECTED (overwritten by kernel)
[SEC]  IPC multi-caller queue: OK
[SEC]  IPC timeout cancellation target: OK
[SEC]  IPC bounded queue/backpressure/reuse: OK
[SEC]  IPC notification coalescing/elapsed time: OK
[SEC]  IPC terminal arbitration/generation: OK
[SEC]  IPC capability isolation/lifecycle: OK
[SEC]  nameserver REGISTER ownership/identity: OK
[SEC]  IPC deadline wake/race/late reply: OK
[SEC]  IPC SMP terminal-state stress: 64 iterations OK
[SEC]  dead process cap: REJECTED (CapError::Revoked)
[SEC]  Security hardening: PASSED
