[SESSION-FOUNDATION] SERVICE_READY PASS
[SESSION-FOUNDATION] LOGIN_HANDOFF PASS
[SESSION-FOUNDATION] SESSION_CREATED PASS
[SESSION-FOUNDATION] SHELL_STARTED PASS
[SESSION-FOUNDATION] SHELL_READY PASS
[SESSION-FOUNDATION] SHELL_CRASH_RESTART PASS
[SESSION-FOUNDATION] SINGLE_SHELL PASS
[SESSION-FOUNDATION] LOGOUT PASS
[SESSION-FOUNDATION] LOGIN_RETURN PASS
[SESSION-FOUNDATION] SECOND_SESSION PASS
[SESSION-FOUNDATION] STALE_HANDLE_REJECT PASS
[SESSION-FOUNDATION] RESOURCE_BASELINE PASS
[SESSION-FOUNDATION] IDLE_CPU PASS
[SESSION-FOUNDATION] FINAL PASS
