[SESSION-CONFIG] SERVICE_READY PASS
[SESSION-CONFIG] PROFILE_DEFAULT PASS
[SESSION-CONFIG] ELIGIBLE_BUNDLES PASS
[SESSION-CONFIG] ADD_APP PASS
[SESSION-CONFIG] CURRENT_PLAN_IMMUTABLE PASS
[SESSION-CONFIG] NEXT_LOGIN_LAUNCH PASS
[SESSION-CONFIG] SHELL_FIRST PASS
[SESSION-CONFIG] ORDERING PASS
[SESSION-CONFIG] DISABLE_APP PASS
[SESSION-CONFIG] FIRST_LOGIN_POLICY PASS
[SESSION-CONFIG] OPTIONAL_FAILURE_ISOLATION PASS
[SESSION-CONFIG] UNAVAILABLE_BUNDLE PASS
[SESSION-CONFIG] RESET_DEFAULTS PASS
[SESSION-CONFIG] USER_ISOLATION PASS
[SESSION-CONFIG] RESOURCE_BASELINE PASS
[SESSION-CONFIG] IDLE_CPU PASS
[SESSION-CONFIG] FINAL PASS
