[WELCOME-WIZARD] BUNDLE_DISCOVERED PASS
[WELCOME-WIZARD] SESSION_ELIGIBLE PASS
[WELCOME-WIZARD] SHELL_READY_FIRST PASS
[WELCOME-WIZARD] AUTO_LAUNCH PASS
[WISEOWL-BRAIN] WELCOME_INTEGRATION PASS
[WELCOME-WIZARD] SLIDESHOW PASS
[WELCOME-WIZARD] ACTION_CARD PASS
[WELCOME-WIZARD] COMPLETION_RECORDED PASS
[WELCOME-WIZARD] NO_REPEAT_AFTER_COMPLETION PASS
[WELCOME-WIZARD] MANUAL_RELAUNCH PASS
[WELCOME-WIZARD] FAILURE_ISOLATION PASS
[WELCOME-WIZARD] RESOURCE_BASELINE PASS
[WELCOME-WIZARD] IDLE_CPU PASS
[WELCOME-WIZARD] FINAL PASS
