# Wise Owl persistent identity Phase B native propagation evidence
[VFS] FAT volume mounted at /state
[WISEOWL-DB] starting wiseowl-memorydb
[WISEOWL-DB] identity loaded:
[WISEOWL-DB] identity status Ready fingerprint=
[WISEOWL-DB] lineage sequence=1 continuity_generation=1 genesis=Created
[WISEOWL-INDEX] persistent identity bound
[WISEOWL-BRAIN] persistent identity bound
[WISEOWL] persistent identity available
[WISEOWL-IDENTITY-B] native gate PASS
