[WISEOWL-COORD] READY PASS
[WISEOWL-COORD] EXACT_ACTION PASS
[WISEOWL-COORD] CLARIFICATION PASS
[WISEOWL-COORD] CONFIRMATION PASS
[WISEOWL-COORD] CANCELLATION PASS
[WISEOWL-COORD] EXPIRY PASS
[WISEOWL-COORD] SESSION_INVALIDATION PASS
[WISEOWL-COORD] REPLAY_PROTECTION PASS
[WISEOWL-COORD] TRUSTED_FLOW PASS
[WISEOWL-COORD] COMPLETE PASS
