[WISEOWL-GUI-ACTIVE] TRUST_GATE_PREREQUISITE PASS
[WISEOWL-GUI-ACTIVE] BRIDGE_CONNECTED PASS
[WISEOWL-GUI-ACTIVE] SESSION_ATTESTED PASS
[WISEOWL-GUI-ACTIVE] NO_ACTION PASS
[WISEOWL-GUI-ACTIVE] APPLICATION_REQUEST PASS
[WISEOWL-GUI-ACTIVE] SETTINGS_REQUEST PASS
[WISEOWL-GUI-ACTIVE] CLARIFICATION PASS
[WISEOWL-GUI-ACTIVE] CONFIRMATION PASS
[WISEOWL-GUI-ACTIVE] DISPATCH_ACCEPTED PASS
[WISEOWL-GUI-ACTIVE] AWAITING_OUTCOME PASS
[WISEOWL-GUI-ACTIVE] APPLICATION_READY PASS
[WISEOWL-GUI-ACTIVE] SETTINGS_PAGE_READY PASS
[WISEOWL-GUI-ACTIVE] WRONG_EVIDENCE_REJECTED PASS
[WISEOWL-GUI-ACTIVE] DIAGNOSTIC_TRACE_REJECTED PASS
[WISEOWL-GUI-ACTIVE] SESSION_REVOCATION PASS
[WISEOWL-GUI-ACTIVE] CANCELLATION PASS
[WISEOWL-GUI-ACTIVE] RECEIPT_DELIVERED PASS
[WISEOWL-GUI-ACTIVE] ONE_ACTIVE_ACTION PASS
[WISEOWL-GUI-ACTIVE] SECURITY_BOUNDARY PASS
[WISEOWL-GUI-ACTIVE] COMPLETE PASS
