[WISEOWL-GUI-BRIDGE] SESSION_BINDING PASS
[WISEOWL-GUI-BRIDGE] PRESENTATION_UPDATE PASS
[WISEOWL-GUI-BRIDGE] EVENT_DELIVERY PASS
[WISEOWL-GUI-BRIDGE] EVENT_ORDERING PASS
[WISEOWL-GUI-BRIDGE] REPLAY_PROTECTION PASS
[WISEOWL-GUI-BRIDGE] APP_CORRELATION PASS
[WISEOWL-GUI-BRIDGE] SETTINGS_CORRELATION PASS
[WISEOWL-GUI-BRIDGE] WRONG_SOURCE_REJECTED PASS
[WISEOWL-GUI-BRIDGE] RECEIPT_EVENT PASS
[WISEOWL-GUI-BRIDGE] SECURITY_BOUNDARY PASS
[WISEOWL-GUI-BRIDGE] COMPLETE PASS
