[WISEOWL-DELEGATION] IPC_CALLER_CAPTURED PASS
[WISEOWL-DELEGATION] DELEGATED_CAPABILITY_ISSUED PASS
[WISEOWL-DELEGATION] MEDIATOR_BOUND PASS
[WISEOWL-DELEGATION] SESSIOND_VALIDATED PASS
[WISEOWL-DELEGATION] CONSOLE_REGISTERED PASS
[WISEOWL-DELEGATION] SESSION_ATTESTED PASS
[WISEOWL-DELEGATION] REPLAY_REJECTED PASS
[WISEOWL-DELEGATION] REVOCATION PASS
[WISEOWL-DELEGATION] TRUSTED_LAUNCH_CONTEXT PASS
[WISEOWL-DELEGATION] ARGV_TRACE_REJECTED PASS
[WISEOWL-DELEGATION] DISPLAY_ENDPOINT_AUTH PASS
[WISEOWL-DELEGATION] APP_LIFECYCLE_DELIVERED PASS
[WISEOWL-DELEGATION] CONTROL_PANEL_ENDPOINT_AUTH PASS
[WISEOWL-DELEGATION] EXACT_PAGE_DELIVERED PASS
[WISEOWL-DELEGATION] GUI_INGRESS_REJECTED PASS
[WISEOWL-DELEGATION] BRAIND_READY PASS
[WISEOWL-DELEGATION] OPTIONAL_PRODUCER_NO_DEADLOCK PASS
[WISEOWL-DELEGATION] SECURITY_BOUNDARY PASS
[WISEOWL-DELEGATION] COMPLETE PASS
