# Wise Owl Phase 4A Brain Foundation — ISO serial markers
[WISEOWL-BRAIN] SERVICE_START
[WISEOWL-BRAIN] SERVICE_READY PASS
[WISEOWL-BRAIN] registered wiseowl.brain.v1
[WISEOWL-BRAIN] HEALTH PASS
[WISEOWL-BRAIN] GREETING_REQUEST PASS
[WISEOWL-BRAIN] GREETING_RESPONSE PASS
[WISEOWL-BRAIN] WELCOME_INTEGRATION PASS
[WISEOWL-BRAIN] FALLBACK PASS
[WISEOWL-BRAIN] NO_SESSION_FAILURE PASS
[WISEOWL-BRAIN] RESOURCE_BASELINE PASS
[WISEOWL-BRAIN] IDLE_CPU PASS
[WISEOWL-BRAIN] FINAL PASS
