[WISEOWL-RECEIPT] READY PASS
[WISEOWL-RECEIPT] OPENED PASS
[WISEOWL-RECEIPT] POLICY_EVENT PASS
[WISEOWL-RECEIPT] DISPATCH_EVENT PASS
[WISEOWL-RECEIPT] OUTCOME_EVENT PASS
[WISEOWL-RECEIPT] SEALED PASS
[WISEOWL-RECEIPT] QUERY PASS
[WISEOWL-RECEIPT] ISOLATION PASS
[WISEOWL-RECEIPT] INTEGRITY PASS
[WISEOWL-RECEIPT] RETENTION PASS
[WISEOWL-RECEIPT] COMPLETE PASS
