# Wise Owl Phase 4B Brain Foundation — ISO serial markers
[WISEOWL-BRAIN] SERVICE_START
[WISEOWL-BRAIN] NATIVE_ELF PASS
[WISEOWL-BRAIN] SERVICE_SPAWN PASS
[WISEOWL-BRAIN] ENDPOINT_REGISTER PASS
[WISEOWL-BRAIN] SERVICE_READY PASS
[WISEOWL-BRAIN] registered wiseowl.brain.v1
[WISEOWL-BRAIN] NATIVE_HEALTH PASS
[WISEOWL-BRAIN] GREETING_REQUEST PASS
[WISEOWL-BRAIN] GREETING_RESPONSE PASS
[WISEOWL-BRAIN] NATIVE_REQUEST PASS
[WISEOWL-BRAIN] LOCAL_PROVIDER PASS
[WISEOWL-BRAIN] STRUCTURED_RESPONSE PASS
[WISEOWL-BRAIN] PROVENANCE PASS
[WISEOWL-BRAIN] WELCOME_INTEGRATION PASS
[WISEOWL-BRAIN] FALLBACK PASS
[WISEOWL-BRAIN] FINAL PASS
