[WISEOWL-TRUST] SESSION_AUTHORITY PASS
[WISEOWL-TRUST] GUI_ATTESTATION PASS
[WISEOWL-TRUST] WRONG_CALLER_REJECTED PASS
[WISEOWL-TRUST] SESSION_REVOCATION PASS
[WISEOWL-TRUST] LAUNCH_CORRELATION PASS
[WISEOWL-TRUST] DISPLAY_SOURCE_AUTH PASS
[WISEOWL-TRUST] APPLICATION_READINESS PASS
[WISEOWL-TRUST] CONTROL_PANEL_SOURCE_AUTH PASS
[WISEOWL-TRUST] SETTINGS_PAGE_EXACT PASS
[WISEOWL-TRUST] WRONG_PAGE_REJECTED PASS
[WISEOWL-TRUST] DIAGNOSTIC_TRACE_REJECTED PASS
[WISEOWL-TRUST] GUI_EVIDENCE_REJECTED PASS
[WISEOWL-TRUST] OUTCOME_OBSERVER_INTEGRATION PASS
[WISEOWL-TRUST] SECURITY_BOUNDARY PASS
[WISEOWL-TRUST] COMPLETE PASS
