[WISEOWL-OUTCOME] READY PASS
[WISEOWL-OUTCOME] DISPATCH_ONLY PASS
[WISEOWL-OUTCOME] APPLICATION_READY PASS
[WISEOWL-OUTCOME] SETTINGS_PAGE_READY PASS
[WISEOWL-OUTCOME] WRONG_TARGET_REJECTED PASS
[WISEOWL-OUTCOME] EARLY_EXIT PASS
[WISEOWL-OUTCOME] TIMEOUT PASS
[WISEOWL-OUTCOME] SESSION_INVALIDATION PASS
[WISEOWL-OUTCOME] REPLAY_PROTECTION PASS
[WISEOWL-OUTCOME] COORDINATOR_INTEGRATION PASS
[WISEOWL-OUTCOME] COMPLETE PASS
